// Jest Snapshot v1, https://goo.gl/fbAQLP

exports[`Input renders correctly 1`] = `
<div
  className="our-custom-wrapper-class"
>
  <input
    className="gf-form-input"
  />
</div>
`;
